================================================================================
🔎 SCOUT STAGE — broadband resonance search
================================================================================
======================================================================
🔧 SETTING UP GEOMETRY PARAMETERS
======================================================================
✓ Geometry parameters loaded
  - Cavity thickness: 0.16 µm
  - Wavelength: 0.65 µm
  - Optimized padding: x=[-5.0, -5.0], y=[2.0, 2.0], z=[2.0, 2.0]

🔬 Creating diamond medium...
  - Using Sellmeier dispersion evaluated at λ=0.650 µm
  - n(λ) = 2.410495 → ε = 5.810488
  - Note: medium is set with ε(λ₀); full dispersion not invoked for narrowband run

🚀 Creating minimal scout simulation (Q-only)...

📐 Extracting geometry from GDS files...
  - Using cell: TOP
  - Original bbox: x[-15.675, 15.675], y[-0.150, 0.150]
  - Geometry bbox: x[-15.675, 15.675], y[-0.150, 0.150]
  - Simulation domain: left=-10.675, right=10.675, bottom=-2.150, top=2.150
  - X truncation: 31.350 → 21.350 µm (reduced by 10.000 µm)
  - Simulation size: (21.350, 4.300, 4.160) µm
  - Simulation center: (0.000, 0.000, 0.000) µm

🏗️  Creating core structure...
  - Core rectangle created with 4 vertices
  - Thickness: 0.16 µm

🕳️  Creating hole structures...
  - Using holes cell: Unnamed_48
  - Imported 100 hole polygon(s)
  - Created 1 hole structure(s)
  - Thickness: 0.16 µm

📡 Creating minimal source and Q-probe monitor...
  - Created minimal monitor set: ['probe']
✓ Minimal scout simulation created successfully
  - Structures: 2
  - Monitors: 1 (probe only)
  - Run time: 12.0 ps

💾 Saving simulation to simulation_scout_q_only_0.16um.json...
✓ Simulation saved successfully
  - File: simulation_scout_q_only_0.16um.json
  - Size: 333.6 KB
⚠️  Tidy3D web.configure/login failed: configure_fn() got an unexpected keyword argument 'api_key'

🎯 RUNNING SIMULATION
  - Task name: photonic_cavity_scout_0.16um
  - Output path: results_scout_q_only_0.16um.hdf5
  - Run time: 12.0 ps

💰 ESTIMATING SIMULATION COST
  - Task name: photonic_cavity_scout_0.16um
  - Run time: 12.0 ps
  - Size: (np.float64(21.35), np.float64(4.3), 4.16) µm
  - Monitors: 1
  - Calculating cost estimate...

💳 ESTIMATED COST: 4.387 FlexCredits
  - This is the maximum cost (if simulation runs full time)
  - Actual cost may be lower if early shut-off is triggered

⚠️  This simulation will cost approximately 4.387 FlexCredits!
Do you want to proceed with the simulation? (y/N): Simulation cancelled.
======================================================================
🔬 Q-FACTOR RINGDOWN ANALYSIS (FFT-based)
======================================================================
✓ Extracted signal data
  - Time points: 87026
  - Duration: 12.00 ps
  - Time step: 0.000 ps
✓ Prepared analysis segment
  - Tail start: peak+guard (index 228)
  - Tail duration: 11.969 ps
  - Tail points: 86798
✓ Frequency estimation comparison:
  - FFT estimate: 470.977756 THz
  - Wavelength guess: 461.219166 THz
  - Difference: 9.758590 THz
  - Using: 470.977756 THz (FFT-based)
✓ Extracted initial seeds
  - Frequency seed: 470.999892 THz
  - Decay rate seed: 1.181e+11 1/s
  - Primary frequency: 470.977756 THz
✓ Built search grids (improved span)
  - Frequency grid: 121 points
  - Decay rate grid: 81 points
  - Grid span: ±5.0%
✓ Single mode fit complete
  - Frequency: 470.977756 THz
  - Decay time: 8.179 ps
  - Q-factor: 12,101
  - Residual: 19.26%
  - Coverage: 1.46 e-folds
✓ Multi-mode analysis complete
  - Effective modes: 1
  - Grid residual: 19.26%
✓ Variable projection refinement complete
  - Mode 1: f=470.999895 THz, τ=8.473 ps, Q=12,537, coverage=1.41
  - Final residual: 0.51%
✓ Ringdown analysis plot saved to q_factor_analysis.png
✓ Resonance located at 0.636502 µm (f₀ = 470.999895 THz)
✓ Estimated quality factor Q = 12,537
✓ Decay time τ ≈ 8.473 ps
✓ Scout summary written to scout_summary_0.16um.json
================================================================================
🎯 LOCK-IN STAGE — narrowband analysis
================================================================================
Using lock-in wavelength 0.636502 µm (470.999895 THz)
======================================================================
🔧 SETTING UP GEOMETRY PARAMETERS
======================================================================
✓ Geometry parameters loaded
  - Cavity thickness: 0.16 µm
  - Wavelength: 0.6365021755339165 µm
  - Optimized padding: x=[-5.0, -5.0], y=[2.0, 2.0], z=[2.0, 2.0]

🔬 Creating diamond medium...
  - Using Sellmeier dispersion evaluated at λ=0.637 µm
  - n(λ) = 2.411827 → ε = 5.816908
  - Note: medium is set with ε(λ₀); full dispersion not invoked for narrowband run

🚀 Creating complete simulation...

📐 Extracting geometry from GDS files...
  - Using cell: TOP
  - Original bbox: x[-15.675, 15.675], y[-0.150, 0.150]
  - Geometry bbox: x[-15.675, 15.675], y[-0.150, 0.150]
  - Simulation domain: left=-10.675, right=10.675, bottom=-2.150, top=2.150
  - X truncation: 31.350 → 21.350 µm (reduced by 10.000 µm)
  - Simulation size: (21.350, 4.300, 4.160) µm
  - Simulation center: (0.000, 0.000, 0.000) µm

🏗️  Creating core structure...
  - Core rectangle created with 4 vertices
  - Thickness: 0.16 µm

🕳️  Creating hole structures...
  - Using holes cell: Unnamed_48
  - Imported 100 hole polygon(s)
  - Created 1 hole structure(s)
  - Thickness: 0.16 µm

📡 Creating sources and monitors...
  - Source: Point dipole at (0.000, 0.000, 0.0)
  - Frequency: 471.000 THz
  - Bandwidth: 9.42 THz
  - Created 3 basic monitors

🌐 Creating improved far-field monitors...
  - Positioning monitors at z = 1.5 µm
  - Monitor size: 8.0 µm
  - Created 3 improved far-field monitors
✓ Complete simulation created successfully
  - Structures: 2
  - Monitors: 7
  - Run time: 8.0 ps
  - Grid: min_steps_per_wvl=18 with wavelength=0.6365021755339165 µm
  - Boundaries: PML(8 layers)

💾 Saving simulation to simulation_lockin_full_0.16um.json...
✓ Simulation saved successfully
  - File: simulation_lockin_full_0.16um.json
  - Size: 356.2 KB
⚠️  Tidy3D web.configure/login failed: configure_fn() got an unexpected keyword argument 'api_key'

🎯 RUNNING SIMULATION
  - Task name: photonic_cavity_lockin_0.16um
  - Output path: results_lockin_full_0.16um.hdf5
  - Run time: 8.0 ps

💰 ESTIMATING SIMULATION COST
  - Task name: photonic_cavity_lockin_0.16um
  - Run time: 8.0 ps
  - Size: (np.float64(21.35), np.float64(4.3), 4.16) µm
  - Monitors: 7
  - Calculating cost estimate...

💳 ESTIMATED COST: 3.165 FlexCredits
  - This is the maximum cost (if simulation runs full time)
  - Actual cost may be lower if early shut-off is triggered

⚠️  This simulation will cost approximately 3.165 FlexCredits!
Do you want to proceed with the simulation? (y/N): Simulation cancelled.
======================================================================
🔬 MODE VOLUME ANALYSIS
======================================================================
✓ Loaded 3D field data
  - Field shape: (68, 102, 411)
  - X range: -3.001 to 3.001 µm
  - Y range: -1.513 to 1.513 µm
  - Z range: -1.019 to 1.019 µm

🔧 Creating permittivity map from GDS geometry...
  - Cavity bounds: x[-15.675, 15.675] µm, y[-0.150, 0.150] µm
  - Found 100 hole polygons
  - Field shape: (z=68, y=102, x=411)
  - Permittivity map created: (68, 102, 411)
  - Core volume fraction: 0.026

📊 Computing effective mode volume...
  - Volume element: 13347572006894.246 µm³
  - Maximum ε|E|²: 6.28e+11
  - Total weighted energy: 2.58e-08
  - Effective mode volume: 4.109e-20 m³ = 0.041 µm³

🎯 Purcell Factor Analysis
  - Wavelength: 0.637 µm
  - Emitter environment index: 2.414
  - Quality factor: 12537
  - Mode volume: 0.041 µm³
  - Purcell factor: 425.04
✓ Loaded 3D field data
  - Field shape: (68, 102, 411)
  - X range: -3.001 to 3.001 µm
  - Y range: -1.513 to 1.513 µm
  - Z range: -1.019 to 1.019 µm

🔧 Creating permittivity map from GDS geometry...
  - Cavity bounds: x[-15.675, 15.675] µm, y[-0.150, 0.150] µm
  - Found 100 hole polygons
  - Field shape: (z=68, y=102, x=411)
  - Permittivity map created: (68, 102, 411)
  - Core volume fraction: 0.026

📊 Creating field distribution plots...
✓ Field distribution plots saved to mode_volume_field.png
✓ Mode volume analysis results saved to mode_volume_results.json
✓ Mode volume analysis completed
======================================================================
🔬 FAR-FIELD POLARIZATION ANALYSIS
======================================================================
✓ Using angle monitor: farfield_angles
✓ Extracted far-field data
  - Field shape: (100, 200)
  - Theta range: 0.0° to 90.0°
  - Phi range: 0.0° to 360.0°
✓ Calculated NA cone
  - NA: 0.9
  - Background index: 1.0
  - Theta max: 64.2°
✓ Calculated polarization metrics
  - DoLP: 0.043
  - DoCP: 0.001
  - DoP: 0.043
  - Psi: -0.2°
  - Chi: -0.0°
✓ Collection efficiency: 91.11%
✓ Polarization state: mostly unpolarized

📊 Creating theta-phi heatmaps...
✓ Theta-phi heatmaps saved to polarization_heatmaps.png

📊 Creating azimuthal averages...
✓ Azimuthal averages saved to polarization_azimuthal.png

📊 Creating back focal plane plot...
✓ Back focal plane plot saved to polarization_bfp.png

📊 Creating polarization quiver plot...
✓ Polarization quiver plot saved to polarization_bfp_quiver.png
✓ Polarization analysis results saved to polarization_results.json
✓ Polarization analysis completed
======================================================================
🔬 NEAR-FIELD ANALYSIS
======================================================================
Field array shapes: Ex2=(90, 877), Ey2=(90, 877), Ez2=(90, 877), I=(90, 877)
Coordinate lengths: x=877 (Nx), y=90 (Ny)
  - X range: -6.412 to 6.412 µm
  - Y range: -1.301 to 1.301 µm
  - Max intensity: 1.07e+11
  - Total power (sum of |E|^2): 4.97e+13

📊 Field confinement analysis:
  - 1/e² width (x): 2.696 µm
  - 1/e² width (y): 0.349 µm
  - Confinement area: 0.942 µm²
  - Aspect ratio (x/y): 7.72

📐 Mode parameters:
  - dx, dy: 0.0146 µm, 0.0354 µm (dA=0.0005 µm²)
  - A_eff: 1.176 µm²
  - A_eff (λ²): 2.903
  - Effective index (rough): 2.40

📈 Field quality metrics:
  - Field uniformity (std/mean): 5.808
  - Ex/Ey/Ez fractions: 0.335 / 0.665 / 0.000
  - Field concentration (top 10%): 0.994

📊 Creating near-field analysis plots...
✓ Near-field analysis plots saved to 'nearfield_analysis.png'
✓ Near-field analysis results saved to nearfield_analysis_results.json
✓ Near-field analysis completed
======================================================================
🌐 FAR-FIELD ANALYSIS
======================================================================
✓ Found monitor: farfield_kspace
✓ Found monitor: farfield_angles

--- Analyzing farfield_kspace ---
  - Intensity range: 7.65e-09 to 2.04e-06
  - Total intensity: 9.73e-04
  - Field shape: (40, 40)

--- Analyzing farfield_angles ---
  - Directivity: 0.00
  - Beam width: nan°
  - Intensity range: 5.67e-09 to 2.09e-06
  - Total intensity: 1.43e-02
  - Field shape: (100, 200)

📊 Collection efficiency analysis:
  - Total power (upper hemisphere only): 6.17e-03
  - Total power (full sphere): 1.23e-02
  - Collected power: 5.61e-03
  - Collection efficiency: 0.455 (45.5%)
  - Collection angle: ±64.2°

📊 Creating far-field analysis plots...

📊 Creating collection efficiency vs NA plot...
✓ Collection efficiency vs NA plot saved to 'collection_efficiency_vs_na.png'
✓ Far-field analysis results saved to farfield_analysis_results.json
✓ Far-field analysis completed
======================================================================
📊 COLLECTION EFFICIENCY ANALYSIS
======================================================================
✓ Found monitor: farfield_kspace
✓ Found monitor: farfield_angles

--- Analyzing collection efficiency for farfield_kspace ---
  - No k-space coordinates available
  - Collection efficiency: 0.000
  - Total power (unknown): 0.00e+00
  - Total power (full sphere): 0.00e+00
  - Collected power: 0.00e+00

--- Analyzing collection efficiency for farfield_angles ---
  - Collection efficiency: 0.455
  - Total power (upper hemisphere only): 6.17e-03
  - Total power (full sphere): 1.23e-02
  - Collected power: 5.61e-03

📊 Overall collection efficiency analysis:
  - Overall collection efficiency: 0.455 (45.5%)
  - Mean efficiency: 0.455 ± 0.000
  - Range: 0.455 to 0.455
  - Total power: 1.23e-02
  - Collected power: 5.61e-03
✓ Collection efficiency results saved to collection_efficiency_results.json
✓ Collection efficiency analysis completed
✓ Lock-in summary written to lockin_summary_0.16um.json

================================================================================
📋 WORKFLOW SUMMARY
================================================================================
Scout: λ₀ = 0.636502 µm, Q = 12,537
Lock-in: λ = 0.636502 µm, Vₑff = 0.041 µm³, Fp = 425.04, η = 45.5%

🏁 WORKFLOW COMPLETE
